              	; --------------------------------------
              	; zasm: assemble "bootloader.asm"
              	; date: 2019-01-13 21:20:19
              	; --------------------------------------


              	; ***************************************************************************************
              	; ***************************************************************************************
              	;
              	;		Name : 		bootloader.asm
              	;		Author :	Paul Robson (paul@robsons.org.uk)
              	;		Date : 		28th December 2018
              	;		Purpose :	Boot-Loads code by loading "boot.img" into memory
              	;					from $8000-$BFFF then banks 32-94 (2 per page) into $C000-$FFFF
              	;
              	; ***************************************************************************************
              	; ***************************************************************************************
              	
0020:         	FirstPage = 32 												; these are the pages for an 
005F:         	LastPage = 95 												; unexpanded ZXNext.
              	
3FE5:         			org 	$4000-27
3FE5: 3F      			db 		$3F
3FE6: 00000000			dw 		0,0,0,0,0,0,0,0,0,0,0
3FEA: 00...   	
              			org 	$4000-4
3FFC: FE5A    			dw 		$5AFE
3FFE: 01      			db 		1
3FFF: 07      			db 		7
              	
4000: FFFFFFFF			org 	$5AFE
4004: FF...   	
5AFE: 007F    			dw 		$7F00	
5B00: FFFFFFFF			org 	$7F00 							
5B04: FF...   	
              	
7F00: 31FF7E  	Start:	ld 		sp,Start-1 									; set up the stack.
              			;db 	$DD,$01
7F03: DD21F07F			ld 		ix,ImageName 								; read the image into memory
7F07: CD147F  			call 	ReadNextMemory
7F0A: C30080  			jp	 	$8000 										; run.
              	
              	; ***************************************************************************************
              	;
              	;								 Access the default drive
              	;
              	; ***************************************************************************************
              	
7F0D:         	FindDefaultDrive:
7F0D: AF      			xor 	a
7F0E: CF      			rst 	$08 										; set the default drive.
7F0F: 89      			db 		$89
7F10: 326D7F  			ld 		(DefaultDrive),a
7F13: C9      			ret
              	
              	; ***************************************************************************************
              	;
              	;			Read ZXNext memory from $8000-$BFFF then pages from $C000-$FFFF
              	;
              	; ***************************************************************************************
              	
7F14:         	ReadNextMemory:
7F14: CD0D7F  			call 	FindDefaultDrive 							; get default drive
7F17: CD417F  			call 	OpenFileRead 								; open for reading
7F1A: DD210080			ld 		ix,$8000 									; read in 8000-BFFF
7F1E: CD547F  			call 	Read16kBlock
7F21: 0620    			ld 		b,FirstPage 								; current page
7F23:         	__ReadBlockLoop:
7F23: CD387F  			call 	SetPaging 									; access the pages
7F26: DD2100C0			ld 		ix,$C000 									; read in C000-FFFF
7F2A: CD547F  			call 	Read16kBlock 								; read it in
7F2D: 04      			inc 	b 											; there are two 8k blocks
7F2E: 04      			inc 	b 											; per page
7F2F: 78      			ld 		a,b
7F30: FE60    			cp 		LastPage+1 									; until read in pages 32-95
7F32: 20EF    			jr 		nz,__ReadBlockLoop
7F34: CD657F  			call 	CloseFile 									; close file.
7F37: C9      			ret
              	
              	; ***************************************************************************************
              	;
              	;						   Map $C000-$FFFF onto blocks b and b+1
              	;
              	; ***************************************************************************************
              	
7F38:         	SetPaging:
7F38: 78      			ld 		a,b 										; set $56
7F39: ED9256  			db 		$ED,$92,$56
7F3C: 3C      			inc 	a 											; set $57
7F3D: ED9257  			db 		$ED,$92,$57
7F40: C9      			ret
              	
              	
              	; ***************************************************************************************
              	;
              	;									Open file read
              	;
              	; ***************************************************************************************
              	
7F41:         	OpenFileRead:
7F41: F5      			push 	af
7F42: C5      			push 	bc
7F43: DDE5    			push 	ix
7F45: 0601    			ld 		b,1
7F47:         	__OpenFile:
7F47: 3A6D7F  			ld 		a,(DefaultDrive)
7F4A: CF      			rst 	$08
7F4B: 9A      			db 		$9A
7F4C: 326E7F  			ld 		(FileHandle),a 
7F4F: DDE1    			pop 	ix
7F51: C1      			pop 	bc
7F52: F1      			pop 	af
7F53: C9      			ret
              	
              	; ***************************************************************************************
              	;
              	;									Read 16k block
              	;
              	; ***************************************************************************************
              	
7F54:         	Read16kBlock:
7F54: F5      			push 	af
7F55: C5      			push 	bc
7F56: DDE5    			push 	ix
7F58: 3A6E7F  			ld 		a,(FileHandle)
7F5B: 010040  			ld 		bc,$4000
7F5E: CF      			rst 	$08
7F5F: 9D      			db 		$9D
7F60: DDE1    			pop 	ix
7F62: C1      			pop 	bc
7F63: F1      			pop 	af
7F64: C9      			ret
              	
              	; ***************************************************************************************
              	;
              	;										Close open file
              	;
              	; ***************************************************************************************
              	
7F65:         	CloseFile:
7F65: F5      			push 	af
7F66: 3A6E7F  			ld 		a,(FileHandle)
7F69: CF      			rst 	$08
7F6A: 9B      			db 		$9B
7F6B: F1      			pop 	af
7F6C: C9      			ret		
              	
7F6D:         	DefaultDrive:
7F6D: 00      			db 		0
7F6E:         	FileHandle:
7F6E: 00      			db 		0
              	
7F6F: FFFFFFFF			org 	$7FF0
7F73: FF...   	
7FF0:         	ImageName:
7FF0: 626F6F74			db 		"boot.img",0
7FF4: 2E696D67	
7FF8: 00      	
              	
7FF9: FFFFFFFF			org 	$FFFF
7FFD: FF...   	
FFFF: 00      			db 		0
              	
              	


; +++ segments +++

#CODE          = $3FE5 = 16357,  size = $C01B = 49179

; +++ global symbols +++

CloseFile        = $7F65 = 32613          bootloader.asm:131
DefaultDrive     = $7F6D = 32621          bootloader.asm:139
FileHandle       = $7F6E = 32622          bootloader.asm:141
FindDefaultDrive = $7F0D = 32525          bootloader.asm:40
FirstPage        = $0020 =    32          bootloader.asm:13
ImageName        = $7FF0 = 32752          bootloader.asm:145
LastPage         = $005F =    95          bootloader.asm:14
OpenFileRead     = $7F41 = 32577          bootloader.asm:91
Read16kBlock     = $7F54 = 32596          bootloader.asm:112
ReadNextMemory   = $7F14 = 32532          bootloader.asm:53
SetPaging        = $7F38 = 32568          bootloader.asm:77
Start            = $7F00 = 32512          bootloader.asm:28
__OpenFile       = $7F47 = 32583          bootloader.asm:96 (unused)
__ReadBlockLoop  = $7F23 = 32547          bootloader.asm:59
_end             = $0000 = 65536          bootloader.asm:15 (unused)
_size            = $C01B = 49179          bootloader.asm:15 (unused)


total time: 0.0013 sec.
no errors
